1. Rzeczpospolita Polska
2. Germany
3. Rzeczpospolita  Polska
4. U S A
5. U K
6. A cokolwiek
