1. Bangladesh
2. Kenya
3. Paraguay
4. Mali
5. Germany
6. Guinea Bissau
7. Burundi
8. South Korea
9. Madagascar
10. Virgin Islands
11. Ireland
12. Djibouti
13. Suriname
14. Somalia
15. France
16. Congo
17. Marshall Islands
18. Lao
19. Anguilla
20. Austria
21. Togo
22. Thailand
23. Guatemala
24. Finland
25. Moldova
26. Montenegro
27. Cuba
28. Faroe Islands
29. Cameroon
30. Senegal
31. Malawi
32. Liechtenstein
33. Bhutan
34. Liberia
35. New Zealand
36. Uganda
37. Haiti
38. Malaysia
39. Greenland
40. Namibia
41. Venezuela
42. Dominica
43. Saint Kitts and Nevis
44. Nepal
45. Bolivia
46. Belgium
47. Denmark
48. Bahamas
49. Papua New Guinea
50. Czech Republic
51. Tajikistan
52. North Macedonia
53. Antarctica
54. Ecuador
55. Kazakhstan
56. Kiribati
57. United States
58. Vatican
59. Mayotte
60. Holy See
61. Iraq
62. Saint Lucia
63. Singapore
64. Pakistan
65. Spain
66. Chad
67. Bahrain
68. Ghana
69. Lebanon
70. Nicaragua
71. Peru
72. Niger
73. Ukraine
74. Australia
75. Panama
76. Hong Kong
77. Guam
78. Turks and Caicos Islands
79. Central African Republic
80. Barbados
81. Guadeloupe
82. Kyrgyzstan
83. Reunion Island
84. Uzbekistan
85. Oman
86. Cape Verde
87. Mongolia
88. Japan
89. Cayman Islands
90. Puerto Rico
91. Philippines
92. Croatia
93. Angola
94. Yemen
95. Gibraltar
96. Palestinian territories
97. Zimbabwe
98. Uruguay
99. United Arab Emirates
100. Nauru
101. San Marino
102. Albania
103. Taiwan
104. Saint Vincent and the Grenadines
105. Afghanistan
106. China
107. Luxembourg
108. Montserrat
109. Turkey
110. Lesotho
111. Cook Islands
112. Solomon Islands
113. Benin
114. Trinidad and Tobago
115. Fiji
116. Burkina Faso
117. Macau
118. Sri Lanka
119. Samoa
120. Greece
121. Kosovo
122. Seychelles
123. Burma
124. Botswana
125. Ethiopia
126. Colombia
127. Netherlands Antilles
128. Argentina
129. Poland
130. Mauritania
131. Georgia
132. Tibet
133. Gabon
134. Armenia
135. Tonga
136. Swaziland
137. North Korea
138. Federation
139. Eritrea
140. India
141. Estonia
142. Niue
143. Israel
144. Italy
145. Egypt
146. Iran
147. Belarus
148. Cocos Islands
149. Grenada
150. East Timor
151. Monaco
152. Aruba
153. Honduras
154. Ivory Coast
155. Saudi Arabia
156. New Caledonia
157. Iceland
158. Sweden
159. French Guiana
160. Chile
161. Portugal
162. Christmas Island
163. Zambia
164. Brunei Darussalam
165. Cyprus
166. Palau
167. Lithuania
168. Pitcairn Island
169. United Kingdom
170. Latvia
171. Sudan
172. Tunisia
173. Indonesia
174. Micronesia
175. Comoros
176. Cambodia
177. Nigeria
178. Antigua and Barbuda
179. Hungary
180. Rwanda
181. Sierra Leone
182. Kuwait
183. Dominican Republic
184. Guyana
185. Netherlands
186. Costa Rica
187. Norway
188. Qatar
189. Mexico
190. Slovenia
191. South Sudan
192. Falkland Islands
193. Bosnia and Herzegovina
194. Syria
195. Serbia
196. El Salvador
197. Slovakia
198. Azerbaijan
199. Wallis and Futuna Islands
200. Turkmenistan
201. Guinea
202. Maldives
203. Equatorial Guinea
204. Switzerland
205. Martinique
206. Sao Tome and Principe
207. Andorra
208. Brazil
209. Malta
210. American Samoa
211. Canada
212. Morocco
213. Tanzania
214. South Africa
215. Mauritius
216. Mozambique
217. French Polynesia
218. Tokelau
219. Tuvalu
220. Jamaica
221. French Southern Territories
222. Northern Mariana Islands
223. Libya
224. Belize
225. Bulgaria
226. Vietnam
227. Gambia
228. Vanuatu
229. Algeria
230. Bermuda
231. Western Sahara
232. Romania
233. Jordan
1. Bangladesh
2. Guinea Bissau
3. Paraguay
4. Germany
5. Somalia
5. South Korea
7. Kenya
8. Madagascar
9. Mali
10. Guatemala
11. Congo
12. Lao
13. Djibouti
14. Finland
15. Anguilla
16. Virgin Islands
17. Bhutan
18. France
19. Thailand
20. Togo
21. Malawi
22. Burundi
23. Suriname
24. Austria
25. Moldova
26. Ireland
27. Greenland
27. Montenegro
27. New Zealand
30. Liberia
31. Senegal
32. Namibia
33. Malaysia
34. Marshall Islands
35. Haiti
35. Papua New Guinea
37. Dominica
38. Liechtenstein
39. Cuba
40. Faroe Islands
41. Ecuador
42. Cameroon
43. Bahamas
44. Saint Kitts and Nevis
45. Czech Republic
46. Denmark
47. Tajikistan
48. Uganda
49. Nepal
50. Bolivia
51. Belgium
52. Venezuela
53. Antarctica
54. Holy See
55. North Macedonia
56. Kazakhstan
57. Pakistan
58. Kiribati
59. Iraq
60. Mayotte
61. United States
62. Bahrain
63. Vatican
64. Chad
65. Singapore
66. Nicaragua
67. Ghana
68. Spain
69. Saint Lucia
70. Hong Kong
71. Lebanon
72. Niger
73. Ukraine
74. Australia
75. Turks and Caicos Islands
76. Peru
77. Panama
78. Central African Republic
79. Kyrgyzstan
80. Reunion Island
81. Oman
82. Mongolia
83. Barbados
84. Guadeloupe
85. Cayman Islands
86. Uzbekistan
87. Guam
88. Croatia
89. Japan
90. Yemen
91. Zimbabwe
92. Palestinian territories
93. Cape Verde
94. Philippines
95. Puerto Rico
96. Angola
96. United Arab Emirates
98. Albania
99. Gibraltar
100. Saint Vincent and the Grenadines
101. Uruguay
102. San Marino
103. Taiwan
104. Turkey
105. Luxembourg
106. Nauru
107. China
108. Afghanistan
109. Montserrat
110. Lesotho
111. Cook Islands
112. Benin
113. Fiji
114. Solomon Islands
115. Burkina Faso
116. Macau
117. Greece
118. Trinidad and Tobago
119. Samoa
120. Sri Lanka
121. Kosovo
122. Seychelles
123. Burma
124. Tibet
125. Colombia
126. Ethiopia
127. Mauritania
128. Argentina
129. Botswana
130. Poland
131. Netherlands Antilles
132. Gabon
133. Swaziland
134. Armenia
135. North Korea
136. Georgia
137. Estonia
138. Tonga
139. India
140. Niue
141. Egypt
142. Israel
143. Federation
144. Italy
145. Eritrea
146. Aruba
147. Belarus
148. Cocos Islands
149. Iran
150. Sweden
151. Ivory Coast
152. East Timor
152. Grenada
154. Honduras
155. French Guiana
156. Iceland
157. Saudi Arabia
158. Monaco
159. New Caledonia
160. Portugal
161. Christmas Island
162. Chile
163. Sudan
164. Cyprus
165. Brunei Darussalam
166. Palau
167. Zambia
168. Pitcairn Island
169. Comoros
170. Lithuania
171. Cambodia
172. United Kingdom
173. Tunisia
174. Latvia
175. Indonesia
176. Nigeria
177. Antigua and Barbuda
178. Micronesia
179. Netherlands
180. Rwanda
181. Hungary
182. Guyana
183. Dominican Republic
183. Sierra Leone
185. Mexico
186. Costa Rica
187. Norway
188. Kuwait
188. Slovakia
190. South Sudan
191. Bosnia and Herzegovina
192. Qatar
193. Serbia
194. Slovenia
195. Syria
196. Falkland Islands
197. El Salvador
198. Wallis and Futuna Islands
199. Equatorial Guinea
200. Azerbaijan
201. Maldives
202. Brazil
202. Turkmenistan
204. Sao Tome and Principe
205. Guinea
206. Switzerland
207. Malta
208. Martinique
209. American Samoa
210. Canada
211. Morocco
212. Tanzania
213. Libya
214. Mauritius
215. Andorra
216. French Southern Territories
217. French Polynesia
218. Tuvalu
219. Vietnam
220. Bulgaria
221. South Africa
222. Northern Mariana Islands
223. Belize
224. Jamaica
224. Mozambique
226. Tokelau
227. Gambia
228. Bermuda
228. Western Sahara
230. Vanuatu
231. Algeria
232. Jordan
233. Romania
